KeychainBackend: Using system keychain for secure token storage
KeychainBackend: Using system keychain for secure token storage
KeychainBackend: Using system keychain for secure token storage
[AI] API key loaded from secure storage
KeychainBackend: Using system keychain for secure token storage
qt.qpa.fonts: Populating font family aliases took 56 ms. Replace uses of missing font family "-apple-system" with one that exists to avoid this cost. 
Authenticated as: "shevtsov00mkh@gmail.com"
Attempting token refresh (async)...
Token refresh HTTP status: 200
Token refreshed successfully
Connecting to IMAP server (on IMAP strand)...
IMAP connected successfully
Authenticating IMAP with XOAUTH2...
IMAP authenticated successfully
Connecting to SMTP server...
SMTP connected successfully
Authenticating SMTP with XOAUTH2...
SMTP authenticated successfully
Loaded 0 folders
Mailbox selected: "INBOX" with 19920 messages
KeychainBackend: Using system keychain for secure token storage
Message cache: persistent encrypted tier attached for "shevtsov00mkh@gmail.com"
[EmailParser] Found 50 FETCH responses
[EmailParser] Parsed 50 emails
Starting IMAP IDLE for real-time notifications
IDLE: Resuming...
IDLE: Exited
